<?xml version="1.0" encoding="UTF-8" standalone="no"?>
<!DOCTYPE log SYSTEM "logger.dtd">
<log>
<record>
  <date>2026-09-25T12:08:59.962-0300</date>
  <logger>VALDOBERTO NOBERTO MONTEIRO DA SILVA</logger>
  <level>FINE</level>
  <message>File 20250021866-VALDOBERTO NOBERTO MONTEIRO DA SILVA.zip was received. It was sent by VALDOBERTO NOBERTO MONTEIRO DA SILVA from IP 150.165.74.102 at 25-09-2026 12*08*59</message>
</record>
</log>
<?xml version="1.0" encoding="UTF-8" standalone="no"?>
<!DOCTYPE log SYSTEM "logger.dtd">
<log>
<record>
  <date>2026-09-30T10:03:55.179-0300</date>
  <logger>VALDOBERTO NOBERTO MONTEIRO DA SILVA</logger>
  <level>FINE</level>
  <message>File 20250021866-VALDOBERTO NOBERTO MONTEIRO DA SILVA.zip was received. It was sent by VALDOBERTO NOBERTO MONTEIRO DA SILVA from IP 150.165.74.102 at 30-09-2026 10*03*55</message>
</record>
</log>
<?xml version="1.0" encoding="UTF-8" standalone="no"?>
<!DOCTYPE log SYSTEM "logger.dtd">
<log>
<record>
  <date>2026-09-30T10:05:53.515-0300</date>
  <logger>VALDOBERTO NOBERTO MONTEIRO DA SILVA</logger>
  <level>FINE</level>
  <message>File 20250021866-VALDOBERTO NOBERTO MONTEIRO DA SILVA.zip was received. It was sent by VALDOBERTO NOBERTO MONTEIRO DA SILVA from IP 150.165.74.102 at 30-09-2026 10*05*53</message>
</record>
</log>
<?xml version="1.0" encoding="UTF-8" standalone="no"?>
<!DOCTYPE log SYSTEM "logger.dtd">
<log>
<record>
  <date>2026-09-30T10:07:49.950-0300</date>
  <logger>VALDOBERTO NOBERTO MONTEIRO DA SILVA</logger>
  <level>FINE</level>
  <message>File 20250021866-VALDOBERTO NOBERTO MONTEIRO DA SILVA.zip was received. It was sent by VALDOBERTO NOBERTO MONTEIRO DA SILVA from IP 150.165.74.102 at 30-09-2026 10*07*49</message>
</record>
</log>
<?xml version="1.0" encoding="UTF-8" standalone="no"?>
<!DOCTYPE log SYSTEM "logger.dtd">
<log>
<record>
  <date>2026-09-30T12:32:58.554-0300</date>
  <logger>VALDOBERTO NOBERTO MONTEIRO DA SILVA</logger>
  <level>FINE</level>
  <message>File 20250021866-VALDOBERTO NOBERTO MONTEIRO DA SILVA.zip was received. It was sent by VALDOBERTO NOBERTO MONTEIRO DA SILVA from IP 150.165.74.28 at 30-09-2026 12*32*58</message>
</record>
</log>
<?xml version="1.0" encoding="UTF-8" standalone="no"?>
<!DOCTYPE log SYSTEM "logger.dtd">
<log>
<record>
  <date>2026-09-30T12:33:50.332-0300</date>
  <logger>VALDOBERTO NOBERTO MONTEIRO DA SILVA</logger>
  <level>FINE</level>
  <message>File 20250021866-VALDOBERTO NOBERTO MONTEIRO DA SILVA.zip was received. It was sent by VALDOBERTO NOBERTO MONTEIRO DA SILVA from IP 150.165.74.28 at 30-09-2026 12*33*50</message>
</record>
</log>
<?xml version="1.0" encoding="UTF-8" standalone="no"?>
<!DOCTYPE log SYSTEM "logger.dtd">
<log>
<record>
  <date>2026-09-30T12:34:45.291-0300</date>
  <logger>VALDOBERTO NOBERTO MONTEIRO DA SILVA</logger>
  <level>FINE</level>
  <message>File 20250021866-VALDOBERTO NOBERTO MONTEIRO DA SILVA.zip was received. It was sent by VALDOBERTO NOBERTO MONTEIRO DA SILVA from IP 150.165.74.28 at 30-09-2026 12*34*45</message>
</record>
</log>
<?xml version="1.0" encoding="UTF-8" standalone="no"?>
<!DOCTYPE log SYSTEM "logger.dtd">
<log>
<record>
  <date>2026-10-01T12:10:18.130-0300</date>
  <logger>VALDOBERTO NOBERTO MONTEIRO DA SILVA</logger>
  <level>FINE</level>
  <message>File 20250021866-VALDOBERTO NOBERTO MONTEIRO DA SILVA.zip was received. It was sent by VALDOBERTO NOBERTO MONTEIRO DA SILVA from IP 150.165.74.95 at 01-10-2026 12*10*18</message>
</record>
</log>
<?xml version="1.0" encoding="UTF-8" standalone="no"?>
<!DOCTYPE log SYSTEM "logger.dtd">
<log>
<record>
  <date>2026-10-02T11:04:45.448-0300</date>
  <logger>VALDOBERTO NOBERTO MONTEIRO DA SILVA</logger>
  <level>FINE</level>
  <message>File 20250021866-VALDOBERTO NOBERTO MONTEIRO DA SILVA.zip was received. It was sent by VALDOBERTO NOBERTO MONTEIRO DA SILVA from IP 150.165.74.101 at 02-10-2026 11*04*45</message>
</record>
</log>
<?xml version="1.0" encoding="UTF-8" standalone="no"?>
<!DOCTYPE log SYSTEM "logger.dtd">
<log>
<record>
  <date>2026-10-02T11:07:19.430-0300</date>
  <logger>VALDOBERTO NOBERTO MONTEIRO DA SILVA</logger>
  <level>FINE</level>
  <message>File 20250021866-VALDOBERTO NOBERTO MONTEIRO DA SILVA.zip was received. It was sent by VALDOBERTO NOBERTO MONTEIRO DA SILVA from IP 150.165.74.101 at 02-10-2026 11*07*19</message>
</record>
</log>
<?xml version="1.0" encoding="UTF-8" standalone="no"?>
<!DOCTYPE log SYSTEM "logger.dtd">
<log>
<record>
  <date>2026-10-02T11:07:51.178-0300</date>
  <logger>VALDOBERTO NOBERTO MONTEIRO DA SILVA</logger>
  <level>FINE</level>
  <message>File 20250021866-VALDOBERTO NOBERTO MONTEIRO DA SILVA.zip was received. It was sent by VALDOBERTO NOBERTO MONTEIRO DA SILVA from IP 150.165.74.101 at 02-10-2026 11*07*51</message>
</record>
</log>
<?xml version="1.0" encoding="UTF-8" standalone="no"?>
<!DOCTYPE log SYSTEM "logger.dtd">
<log>
<record>
  <date>2026-10-02T11:09:30.475-0300</date>
  <logger>VALDOBERTO NOBERTO MONTEIRO DA SILVA</logger>
  <level>FINE</level>
  <message>File 20250021866-VALDOBERTO NOBERTO MONTEIRO DA SILVA.zip was received. It was sent by VALDOBERTO NOBERTO MONTEIRO DA SILVA from IP 150.165.74.101 at 02-10-2026 11*09*30</message>
</record>
</log>
<?xml version="1.0" encoding="UTF-8" standalone="no"?>
<!DOCTYPE log SYSTEM "logger.dtd">
<log>
<record>
  <date>2026-10-02T11:11:10.631-0300</date>
  <logger>VALDOBERTO NOBERTO MONTEIRO DA SILVA</logger>
  <level>FINE</level>
  <message>File 20250021866-VALDOBERTO NOBERTO MONTEIRO DA SILVA.zip was received. It was sent by VALDOBERTO NOBERTO MONTEIRO DA SILVA from IP 150.165.74.101 at 02-10-2026 11*11*10</message>
</record>
</log>
<?xml version="1.0" encoding="UTF-8" standalone="no"?>
<!DOCTYPE log SYSTEM "logger.dtd">
<log>
<record>
  <date>2026-10-02T11:14:33.436-0300</date>
  <logger>VALDOBERTO NOBERTO MONTEIRO DA SILVA</logger>
  <level>FINE</level>
  <message>File 20250021866-VALDOBERTO NOBERTO MONTEIRO DA SILVA.zip was received. It was sent by VALDOBERTO NOBERTO MONTEIRO DA SILVA from IP 150.165.74.101 at 02-10-2026 11*14*33</message>
</record>
</log>
<?xml version="1.0" encoding="UTF-8" standalone="no"?>
<!DOCTYPE log SYSTEM "logger.dtd">
<log>
<record>
  <date>2026-10-02T11:40:49.050-0300</date>
  <logger>VALDOBERTO NOBERTO MONTEIRO DA SILVA</logger>
  <level>FINE</level>
  <message>File 20250021866-VALDOBERTO NOBERTO MONTEIRO DA SILVA.zip was received. It was sent by VALDOBERTO NOBERTO MONTEIRO DA SILVA from IP 150.165.74.101 at 02-10-2026 11*40*49</message>
</record>
</log>
<?xml version="1.0" encoding="UTF-8" standalone="no"?>
<!DOCTYPE log SYSTEM "logger.dtd">
<log>
<record>
  <date>2026-10-02T11:41:51.555-0300</date>
  <logger>VALDOBERTO NOBERTO MONTEIRO DA SILVA</logger>
  <level>FINE</level>
  <message>File 20250021866-VALDOBERTO NOBERTO MONTEIRO DA SILVA.zip was received. It was sent by VALDOBERTO NOBERTO MONTEIRO DA SILVA from IP 150.165.74.101 at 02-10-2026 11*41*51</message>
</record>
</log>
<?xml version="1.0" encoding="UTF-8" standalone="no"?>
<!DOCTYPE log SYSTEM "logger.dtd">
<log>
<record>
  <date>2026-10-02T12:43:49.012-0300</date>
  <logger>VALDOBERTO NOBERTO MONTEIRO DA SILVA</logger>
  <level>FINE</level>
  <message>File 20250021866-VALDOBERTO NOBERTO MONTEIRO DA SILVA.zip was received. It was sent by VALDOBERTO NOBERTO MONTEIRO DA SILVA from IP 150.165.74.101 at 02-10-2026 12*43*49</message>
</record>
</log>
<?xml version="1.0" encoding="UTF-8" standalone="no"?>
<!DOCTYPE log SYSTEM "logger.dtd">
<log>
<record>
  <date>2026-10-02T12:54:53.747-0300</date>
  <logger>VALDOBERTO NOBERTO MONTEIRO DA SILVA</logger>
  <level>FINE</level>
  <message>File 20250021866-VALDOBERTO NOBERTO MONTEIRO DA SILVA.zip was received. It was sent by VALDOBERTO NOBERTO MONTEIRO DA SILVA from IP 150.165.74.101 at 02-10-2026 12*54*53</message>
</record>
</log>
<?xml version="1.0" encoding="UTF-8" standalone="no"?>
<!DOCTYPE log SYSTEM "logger.dtd">
<log>
<record>
  <date>2026-10-02T14:30:39.228-0300</date>
  <logger>VALDOBERTO NOBERTO MONTEIRO DA SILVA</logger>
  <level>FINE</level>
  <message>File 20250021866-VALDOBERTO NOBERTO MONTEIRO DA SILVA.zip was received. It was sent by VALDOBERTO NOBERTO MONTEIRO DA SILVA from IP 150.165.74.36 at 02-10-2026 14*30*39</message>
</record>
</log>
<?xml version="1.0" encoding="UTF-8" standalone="no"?>
<!DOCTYPE log SYSTEM "logger.dtd">
<log>
<record>
  <date>2026-10-02T15:14:53.802-0300</date>
  <logger>VALDOBERTO NOBERTO MONTEIRO DA SILVA</logger>
  <level>FINE</level>
  <message>File 20250021866-VALDOBERTO NOBERTO MONTEIRO DA SILVA.zip was received. It was sent by VALDOBERTO NOBERTO MONTEIRO DA SILVA from IP 150.165.74.36 at 02-10-2026 15*14*53</message>
</record>
</log>
<?xml version="1.0" encoding="UTF-8" standalone="no"?>
<!DOCTYPE log SYSTEM "logger.dtd">
<log>
<record>
  <date>2026-10-02T15:38:25.218-0300</date>
  <logger>VALDOBERTO NOBERTO MONTEIRO DA SILVA</logger>
  <level>FINE</level>
  <message>File 20250021866-VALDOBERTO NOBERTO MONTEIRO DA SILVA.zip was received. It was sent by VALDOBERTO NOBERTO MONTEIRO DA SILVA from IP 150.165.74.36 at 02-10-2026 15*38*25</message>
</record>
