<?xml version="1.0" encoding="UTF-8" standalone="no"?>
<!DOCTYPE log SYSTEM "logger.dtd">
<log>
<record>
  <date>2026-09-09T09:51:27.655-0300</date>
  <logger>VALDOBERTO NOBERTO MONTEIRO DA SILVA</logger>
  <level>FINE</level>
  <message>File 20250021866-VALDOBERTO NOBERTO MONTEIRO DA SILVA.zip was received. It was sent by VALDOBERTO NOBERTO MONTEIRO DA SILVA from IP 150.165.42.164 at 09-09-2026 09*51*27</message>
</record>
</log>
<?xml version="1.0" encoding="UTF-8" standalone="no"?>
<!DOCTYPE log SYSTEM "logger.dtd">
<log>
<record>
  <date>2026-09-09T09:53:07.416-0300</date>
  <logger>VALDOBERTO NOBERTO MONTEIRO DA SILVA</logger>
  <level>FINE</level>
  <message>File 20250021866-VALDOBERTO NOBERTO MONTEIRO DA SILVA.zip was received. It was sent by VALDOBERTO NOBERTO MONTEIRO DA SILVA from IP 150.165.42.164 at 09-09-2026 09*53*07</message>
</record>
</log>
<?xml version="1.0" encoding="UTF-8" standalone="no"?>
<!DOCTYPE log SYSTEM "logger.dtd">
<log>
<record>
  <date>2026-09-09T09:53:14.493-0300</date>
  <logger>VALDOBERTO NOBERTO MONTEIRO DA SILVA</logger>
  <level>FINE</level>
  <message>File 20250021866-VALDOBERTO NOBERTO MONTEIRO DA SILVA.zip was received. It was sent by VALDOBERTO NOBERTO MONTEIRO DA SILVA from IP 150.165.42.164 at 09-09-2026 09*53*14</message>
</record>
</log>
<?xml version="1.0" encoding="UTF-8" standalone="no"?>
<!DOCTYPE log SYSTEM "logger.dtd">
<log>
<record>
  <date>2026-09-14T08:40:06.929-0300</date>
  <logger>VALDOBERTO NOBERTO MONTEIRO DA SILVA</logger>
  <level>FINE</level>
  <message>File 20250021866-VALDOBERTO NOBERTO MONTEIRO DA SILVA.zip was received. It was sent by VALDOBERTO NOBERTO MONTEIRO DA SILVA from IP 150.165.74.38 at 14-09-2026 08*40*06</message>
</record>
